
[1m[46m RUN [49m[22m [36mv4.0.17 [39m[90mD:/Users/uck/Documents/curry-project/ore-no-fusen[39m

[90mstdout[2m | app/components/StickyNote.test.tsx
[22m[39m[STORE] Environment detection - isTauri: [33mfalse[39m isBrowser: [33mtrue[39m

[90mstdout[2m | app/components/StickyNote.test.tsx[2m > [22m[2mStickyNote Component[2m > [22m[2mRegression: Edit mode exists on window blur
[22m[39m[STICKY_LOAD] Detected path parameter: d:/test/note.md
[DEBUG] useEffect for reload listener triggered. selectedFile: [90mundefined[39m
[DEBUG] selectedFile is null, skipping listener setup
[DEBUG] useEffect for reload listener triggered. selectedFile: d:/test/note.md

node.exe : [90mstderr[2m | app/components/StickyNote.test.tsx[2m > [22m[2mStickyNote Component[2m > [22m[2mRegressi
on: Edit mode exists on window blur
発生場所 行:1 文字:1
+ & "C:\Program Files\nodejs/node.exe" "C:\Program Files\nodejs/node_mo ...
+ ~~~~~~~~~~~~~~~~~~~~~~~~~~~~~~~~~~~~~~~~~~~~~~~~~~~~~~~~~~~~~~~~~~~~~
    + CategoryInfo          : NotSpecified: ([90mstderr[2m... on window blur:String) [], RemoteException
    + FullyQualifiedErrorId : NativeCommandError
 
[22m[39mWarning: Each child in a list should have a unique "key" prop.

Check the render method of `StickyNote2`. See https://reactjs.org/link/warning-keys for more information.
    at StickyNote2 (D:/Users/uck/Documents/curry-project/ore-no-fusen/app/components/StickyNote.tsx:49:77)

[90mstderr[2m | app/components/StickyNote.test.tsx[2m > [22m[2mStickyNote Component[2m > [22m[2mRegression: Edit mo
de exists on window blur
[22m[39mWarning: Function components cannot be given refs. Attempts to access this ref will fail. Did you mean to use Rea
ct.forwardRef()?

Check the render method of `StickyNote2`.
    at default (D:/Users/uck/Documents/curry-project/ore-no-fusen/app/components/StickyNote.test.tsx:50:17)
    at div
    at main
    at div
    at StickyNote2 (D:/Users/uck/Documents/curry-project/ore-no-fusen/app/components/StickyNote.tsx:49:77)

[90mstdout[2m | app/components/StickyNote.test.tsx[2m > [22m[2mStickyNote Component[2m > [22m[2mRegression: Edit mode exists on window blur
[22m[39m[Boundary] Window Blur. Committing.
[DEBUG] handleEditBlur (Commit) triggered. Ref Body: [33m12[39m
[SAVE] {
  allowRename: [33mtrue[39m,
  firstLine: [32m'Test Content'[39m,
  path: [32m'd:/test/note.md'[39m
}
[DEBUG] saveNote called: { path: [32m'd:/test/note.md'[39m, bodyLength: [33m12[39m, allowRename: [33mtrue[39m }

[90mstderr[2m | app/components/StickyNote.test.tsx[2m > [22m[2mStickyNote Component[2m > [22m[2mRegression: Edit mo
de exists on window blur
[22m[39msave_note failed TypeError: Cannot read properties of undefined (reading 'replace')
    at normalizePath (D:/Users/uck/Documents/curry-project/ore-no-fusen/app/utils/pathUtils.ts:19:10)
    at pathsEqual (D:/Users/uck/Documents/curry-project/ore-no-fusen/app/utils/pathUtils.ts:34:12)
    at D:/Users/uck/Documents/curry-project/ore-no-fusen/app/components/StickyNote.tsx:320:90
    at D:/Users/uck/Documents/curry-project/ore-no-fusen/app/components/StickyNote.tsx:1241:13

[90mstdout[2m | app/components/StickyNote.test.tsx[2m > [22m[2mStickyNote Component[2m > [22m[2mRegression: Edit mode exit on Escape key
[22m[39m[STICKY_LOAD] Detected path parameter: d:/test/note.md
[DEBUG] useEffect for reload listener triggered. selectedFile: [90mundefined[39m
[DEBUG] selectedFile is null, skipping listener setup
[DEBUG] useEffect for reload listener triggered. selectedFile: d:/test/note.md

[90mstdout[2m | app/components/StickyNote.test.tsx[2m > [22m[2mStickyNote Component[2m > [22m[2mRegression: Edit mode exit on Escape key
[22m[39m[DEBUG] handleEditBlur (Commit) triggered. Ref Body: [33m12[39m
[SAVE] {
  allowRename: [33mtrue[39m,
  firstLine: [32m'Test Content'[39m,
  path: [32m'd:/test/note.md'[39m
}
[DEBUG] saveNote called: { path: [32m'd:/test/note.md'[39m, bodyLength: [33m12[39m, allowRename: [33mtrue[39m }

[90mstderr[2m | app/components/StickyNote.test.tsx[2m > [22m[2mStickyNote Component[2m > [22m[2mRegression: Edit mo
de exit on Escape key
[22m[39msave_note failed TypeError: Cannot read properties of undefined (reading 'replace')
    at normalizePath (D:/Users/uck/Documents/curry-project/ore-no-fusen/app/utils/pathUtils.ts:19:10)
    at pathsEqual (D:/Users/uck/Documents/curry-project/ore-no-fusen/app/utils/pathUtils.ts:34:12)
    at D:/Users/uck/Documents/curry-project/ore-no-fusen/app/components/StickyNote.tsx:320:90
    at D:/Users/uck/Documents/curry-project/ore-no-fusen/app/components/StickyNote.tsx:1241:13

[90mstdout[2m | app/components/StickyNote.test.tsx[2m > [22m[2mStickyNote Component[2m > [22m[2mRegression: Context Menu triggers save (Tag Restoration Bug)
[22m[39m[STICKY_LOAD] Detected path parameter: d:/test/note.md
[DEBUG] useEffect for reload listener triggered. selectedFile: [90mundefined[39m
[DEBUG] selectedFile is null, skipping listener setup
[DEBUG] useEffect for reload listener triggered. selectedFile: d:/test/note.md

[90mstdout[2m | app/components/StickyNote.test.tsx[2m > [22m[2mStickyNote Component[2m > [22m[2mRegression: Context Menu triggers save (Tag Restoration Bug)
[22m[39m[DEBUG] handleEditBlur (Commit) triggered. Ref Body: [33m12[39m
[SAVE] {
  allowRename: [33mtrue[39m,
  firstLine: [32m'Test Content'[39m,
  path: [32m'd:/test/note.md'[39m
}
[DEBUG] saveNote called: { path: [32m'd:/test/note.md'[39m, bodyLength: [33m12[39m, allowRename: [33mtrue[39m }

[90mstderr[2m | app/components/StickyNote.test.tsx[2m > [22m[2mStickyNote Component[2m > [22m[2mRegression: Context
 Menu triggers save (Tag Restoration Bug)
[22m[39msave_note failed TypeError: Cannot read properties of undefined (reading 'replace')
    at normalizePath (D:/Users/uck/Documents/curry-project/ore-no-fusen/app/utils/pathUtils.ts:19:10)
    at pathsEqual (D:/Users/uck/Documents/curry-project/ore-no-fusen/app/utils/pathUtils.ts:34:12)
    at D:/Users/uck/Documents/curry-project/ore-no-fusen/app/components/StickyNote.tsx:320:90
    at D:/Users/uck/Documents/curry-project/ore-no-fusen/app/components/StickyNote.tsx:1241:13
    at handleContextMenu (D:/Users/uck/Documents/curry-project/ore-no-fusen/app/components/StickyNote.tsx:1254:17)

[90mstdout[2m | app/components/StickyNote.test.tsx[2m > [22m[2mStickyNote Component[2m > [22m[2mRegression: Context Menu triggers save (Tag Restoration Bug)
[22m[39m[ShowContextMenu] Building menu in NORMAL MODE.

[90mstdout[2m | app/components/StickyNote.test.tsx[2m > [22m[2mStickyNote Component[2m > [22m[2mRegression: Context Menu triggers save (Tag Restoration Bug)
[22m[39m[ShowContextMenu] Fetched tags for normal mode: [ [32m'tag1'[39m, [32m'tag2'[39m ]

[90mstderr[2m | app/components/StickyNote.test.tsx[2m > [22m[2mStickyNote Component[2m > [22m[2mRegression: Context
 Menu triggers save (Tag Restoration Bug)
[22m[39mFailed to show context menu TypeError: Cannot read properties of undefined (reading 'transformCallback')
    at transformCallback [90m(file:///D:/Users/uck/Documents/curry-project/ore-no-fusen/[39mnode_modules/[4m@tauri-apps/
api[24m/core.js:72:39[90m)[39m
    at new Channel [90m(file:///D:/Users/uck/Documents/curry-project/ore-no-fusen/[39mnode_modules/[4m@tauri-apps/api[2
4m/core.js:82:19[90m)[39m
    at newMenu [90m(file:///D:/Users/uck/Documents/curry-project/ore-no-fusen/[39mnode_modules/[4m@tauri-apps/api[24m/m
enu/base.js:23:21[90m)[39m
    at MenuItem.new [90m(file:///D:/Users/uck/Documents/curry-project/ore-no-fusen/[39mnode_modules/[4m@tauri-apps/api[
24m/menu/menuItem.js:15:16[90m)[39m
    at D:/Users/uck/Documents/curry-project/ore-no-fusen/app/components/StickyNote.tsx:994:49
[90m    at processTicksAndRejections (node:internal/process/task_queues:103:5)[39m

[90mstderr[2m | app/components/StickyNote.test.tsx[2m > [22m[2mStickyNote Component[2m > [22m[2mRegression: Context
 Menu triggers save (Tag Restoration Bug)
[22m[39mFailed to show context menu TypeError: Cannot read properties of undefined (reading 'transformCallback')
    at transformCallback [90m(file:///D:/Users/uck/Documents/curry-project/ore-no-fusen/[39mnode_modules/[4m@tauri-apps/
api[24m/core.js:72:39[90m)[39m
    at new Channel [90m(file:///D:/Users/uck/Documents/curry-project/ore-no-fusen/[39mnode_modules/[4m@tauri-apps/api[2
4m/core.js:82:19[90m)[39m
    at newMenu [90m(file:///D:/Users/uck/Documents/curry-project/ore-no-fusen/[39mnode_modules/[4m@tauri-apps/api[24m/m
enu/base.js:23:21[90m)[39m
    at MenuItem.new [90m(file:///D:/Users/uck/Documents/curry-project/ore-no-fusen/[39mnode_modules/[4m@tauri-apps/api[
24m/menu/menuItem.js:15:16[90m)[39m
    at D:/Users/uck/Documents/curry-project/ore-no-fusen/app/components/StickyNote.tsx:994:49
[90m    at processTicksAndRejections (node:internal/process/task_queues:103:5)[39m

[90mstdout[2m | app/components/StickyNote.test.tsx[2m > [22m[2mStickyNote Component[2m > [22m[2mFeature: Header Tag Display
[22m[39m[STICKY_LOAD] Detected path parameter: d:/test/note.md
[DEBUG] useEffect for reload listener triggered. selectedFile: [90mundefined[39m
[DEBUG] selectedFile is null, skipping listener setup
[DEBUG] useEffect for reload listener triggered. selectedFile: d:/test/note.md

[90mstdout[2m | app/components/StickyNote.test.tsx[2m > [22m[2mStickyNote Component[2m > [22m[2mFeature: Link Display (URLs and File Paths)
[22m[39m[STICKY_LOAD] Detected path parameter: d:/test/note.md
[DEBUG] useEffect for reload listener triggered. selectedFile: [90mundefined[39m
[DEBUG] selectedFile is null, skipping listener setup
[DEBUG] useEffect for reload listener triggered. selectedFile: d:/test/note.md

 [31m笶ｯ[39m app/components/StickyNote.test.tsx [2m([22m[2m5 tests[22m[2m | [22m[31m1 failed[39m[2m)[22m[33m 1461[2mms[22m[39m
     [32m笨・[39m Regression: Edit mode exists on window blur[32m 240[2mms[22m[39m
     [32m笨・[39m Regression: Edit mode exit on Escape key[32m 65[2mms[22m[39m
     [32m笨・[39m Regression: Context Menu triggers save (Tag Restoration Bug)[32m 68[2mms[22m[39m
[31m     [31mﾃ・[31m Feature: Header Tag Display[39m[33m 1037[2mms[22m[39m
     [32m笨・[39m Feature: Link Display (URLs and File Paths)[32m 48[2mms[22m[39m

[31m竡ｯ竡ｯ竡ｯ竡ｯ竡ｯ竡ｯ竡ｯ[39m[1m[41m Failed Tests 1 [49m[22m[31m竡ｯ竡ｯ竡ｯ竡ｯ竡ｯ竡ｯ竡ｯ[39m

[41m[1m FAIL [22m[49m app/components/StickyNote.test.tsx[2m > [22mStickyNote Component[2m > [22mFeature: Header Tag
 Display
[31m[1mTestingLibraryElementError[22m[39m: Unable to find an element with the text: Long窶ｦ. This could be because the t
ext is broken up by multiple elements. In this case, you can provide a function for your text matcher to make your matcher 
more flexible.

Ignored nodes: comments, script, style
[36m<body>[39m
  [36m<div>[39m
    [36m<div[39m
      [33mclass[39m=[32m"noteShell h-screen overflow-hidden flex flex-col"[39m
      [33mstyle[39m=[32m"background-color: rgb(247, 233, 176); cursor: default;"[39m
    [36m>[39m
      [36m<header[39m
        [33mstyle[39m=[32m"padding: 8px 18px 4px; display: flex; flex-direction: row; justify-content: flex-end; align-i
tems: center; flex-shrink: 0; z-index: 100; cursor: move; min-height: 32px; user-select: none;"[39m
      [36m>[39m
        [36m<div[39m
          [33mstyle[39m=[32m"display: flex; gap: 4px; overflow: hidden; white-space: nowrap; pointer-events: auto; justi
fy-content: flex-end;"[39m
        [36m/>[39m
      [36m</header>[39m
      [36m<main[39m
        [33mclass[39m=[32m"flex-1 overflow-y-auto w-full notePaper noteMain pb-10"[39m
        [33mstyle[39m=[32m"background-color: rgb(247, 233, 176); display: flex; flex-direction: column; padding: 0px 18p
x 12px; box-sizing: border-box; position: relative; user-select: none;"[39m
      [36m>[39m
        [36m<div[39m
          [33mstyle[39m=[32m"position: sticky; top: 0px; right: 0px; z-index: 200; pointer-events: none; height: 0px; di
splay: flex; justify-content: flex-end;"[39m
        [36m/>[39m
        [36m<article[39m
          [33mclass[39m=[32m"notePaper max-w-none"[39m
          [33mstyle[39m=[32m"background-color: rgb(247, 233, 176); white-space: pre-wrap; cursor: text; user-select: non
e; padding: 0px; font-size: 16px; font-family: \"BIZ UDPGothic\", \"Meiryo\", \"Yu Gothic UI\", sans-serif; line-height: 1.
4; letter-spacing: 0.01em;"[39m
        [36m>[39m
          [36m<div[39m
            [33mstyle[39m=[32m"white-space: pre-wrap;"[39m
          [36m>[39m
            [36m<div[39m
              [33mdata-line-index[39m=[32m"0"[39m
              [33mstyle[39m=[32m"margin: 0px; padding: 0px; line-height: 1.4; min-height: 1.4em; display: flex; align-it
ems: flex-start;"[39m
            [36m>[39m
              [36m<span[39m
                [33mdata-src-start[39m=[32m"0"[39m
              [36m>[39m
                [36m<span[39m
                  [33mdata-src-start[39m=[32m"0"[39m
                [36m>[39m
                  [0mTest Content[0m
                [36m</span>[39m
              [36m</span>[39m
            [36m</div>[39m
          [36m</div>[39m
        [36m</article>[39m
        [36m<div[39m
          [33mclass[39m=[32m"note-footer"[39m
          [33mstyle[39m=[32m"flex-grow: 1; min-height: 100px; cursor: grab; user-select: none;"[39m
          [33mtitle[39m=[32m"繝峨Λ繝・げ縺ｧ遘ｻ蜍・/ 繧ｯ繝ｪ繝・け縺ｧ菫晏ｭ・[39m
        [36m/>[39m
      [36m</main>[39m
    [36m</div>[39m
  [36m</div>[39m
  [36m<div>[39m
    [36m<div[39m
      [33mclass[39m=[32m"noteShell h-screen overflow-hidden flex flex-col"[39m
      [33mstyle[39m=[32m"background-color: rgb(247, 233, 176); cursor: default;"[39m
    [36m>[39m
      [36m<header[39m
        [33mstyle[39m=[32m"padding: 8px 18px 4px; display: flex; flex-direction: row; justify-content: flex-end; align-i
tems: center; flex-shrink: 0; z-index: 100; cursor: move; min-height: 32px; user-select: none;"[39m
      [36m>[39m
        [36m<div[39m
          [33mstyle[39m=[32m"display: flex; gap: 4px; overflow: hidden; white-space: nowrap; pointer-events: auto; justi
fy-content: flex-end;"[39m
        [36m/>[39m
      [36m</header>[39m
      [36m<main[39m
        [33mclass[39m=[32m"flex-1 overflow-y-auto w-full notePaper noteMain pb-10"[39m
        [33mstyle[39m=[32m"background-color: rgb(247, 233, 176); display: flex; flex-direction: column; padding: 0px 18p
x 12px; box-sizing: border-box; position: relative; user-select: none;"[39m
      [36m>[39m
        [36m<div[39m
          [33mstyle[39m=[32m"position: sticky; top: 0px; right: 0px; z-index: 200; pointer-events: none; height: 0px; di
splay: flex; justify-content: flex-end;"[39m
        [36m/>[39m
        [36m<article[39m
          [33mclass[39m=[32m"notePaper max-w-none"[39m
          [33mstyle[39m=[32m"background-color: rgb(247, 233, 176); white-space: pre-wrap; cursor: text; user-select: non
e; padding: 0px; font-size: 16px; font-family: \"BIZ UDPGothic\", \"Meiryo\", \"Yu Gothic UI\", sans-serif; line-height: 1.
4; letter-spacing: 0.01em;"[39m
        [36m>[39m
          [36m<div[39m
            [33mstyle[39m=[32m"white-space: pre-wrap;"[39m
          [36m>[39m
            [36m<div[39m
              [33mdata-line-index[39m=[32m"0"[39m
              [33mstyle[39m=[32m"margin: 0px; padding: 0px; line-height: 1.4; min-height: 1.4em; display: flex; align-it
ems: flex-start;"[39m
            [36m>[39m
              [36m<span[39m
                [33mdata-src-start[39m=[32m"0"[39m
              [36m>[39m
                [36m<span[39m
                  [33mdata-src-start[39m=[32m"0"[39m
                [36m>[39m
                  [0mTest Content[0m
                [36m</span>[39m
              [36m</span>[39m
            [36m</div>[39m
          [36m</div>[39m
        [36m</article>[39m
        [36m<div[39m
          [33mclass[39m=[32m"note-footer"[39m
          [33mstyle[39m=[32m"flex-grow: 1; min-height: 100px; cursor: grab; user-select: none;"[39m
          [33mtitle[39m=[32m"繝峨Λ繝・げ縺ｧ遘ｻ蜍・/ 繧ｯ繝ｪ繝・け縺ｧ菫晏ｭ・[39m
        [36m/>[39m
      [36m</main>[39m
    [36m</div>[39m
  [36m</div>[39m
  [36m<div>[39m
    [36m<div[39m
      [33mclass[39m=[32m"noteShell h-screen overflow-hidden flex flex-col"[39m
      [33mstyle[39m=[32m"background-color: rgb(247, 233, 176); cursor: default;"[39m
    [36m>[39m
      [36m<header[39m
        [33mstyle[39m=[32m"padding: 8px 18px 4px; display: flex; flex-direction: row; justify-content: flex-end; align-i
tems: center; flex-shrink: 0; z-index: 100; cursor: move; min-height: 32px; user-select: none;"[39m
      [36m>[39m
        [36m<div[39m
          [33mstyle[39m=[32m"display: flex; gap: 4px; overflow: hidden; white-space: nowrap; pointer-events: auto; justi
fy-content: flex-end;"[39m
        [36m/>[39m
      [36m</header>[39m
      [36m<main[39m
        [33mclass[39m=[32m"flex-1 overflow-y-auto w-full notePaper noteMain pb-10"[39m
        [33mstyle[39m=[32m"background-color: rgb(247, 233, 176); display: flex; flex-direction: column; padding: 0px 18p
x 12px; box-sizing: border-box; position: relative; user-select: none;"[39m
      [36m>[39m
        [36m<div[39m
          [33mstyle[39m=[32m"position: sticky; top: 0px; right: 0px; z-index: 200; pointer-events: none; height: 0px; di
splay: flex; justify-content: flex-end;"[39m
        [36m/>[39m
        [36m<article[39m
          [33mclass[39m=[32m"notePaper max-w-none"[39m
          [33mstyle[39m=[32m"background-color: rgb(247, 233, 176); white-space: pre-wrap; cursor: text; user-select: non
e; padding: 0px; font-size: 16px; font-fam...

Ignored nodes: comments, script, style
[36m<html>[39m
  [36m<head />[39m
  [36m<body>[39m
    [36m<div>[39m
      [36m<div[39m
        [33mclass[39m=[32m"noteShell h-screen overflow-hidden flex flex-col"[39m
        [33mstyle[39m=[32m"background-color: rgb(247, 233, 176); cursor: default;"[39m
      [36m>[39m
        [36m<header[39m
          [33mstyle[39m=[32m"padding: 8px 18px 4px; display: flex; flex-direction: row; justify-content: flex-end; align
-items: center; flex-shrink: 0; z-index: 100; cursor: move; min-height: 32px; user-select: none;"[39m
        [36m>[39m
          [36m<div[39m
            [33mstyle[39m=[32m"display: flex; gap: 4px; overflow: hidden; white-space: nowrap; pointer-events: auto; jus
tify-content: flex-end;"[39m
          [36m/>[39m
        [36m</header>[39m
        [36m<main[39m
          [33mclass[39m=[32m"flex-1 overflow-y-auto w-full notePaper noteMain pb-10"[39m
          [33mstyle[39m=[32m"background-color: rgb(247, 233, 176); display: flex; flex-direction: column; padding: 0px 1
8px 12px; box-sizing: border-box; position: relative; user-select: none;"[39m
        [36m>[39m
          [36m<div[39m
            [33mstyle[39m=[32m"position: sticky; top: 0px; right: 0px; z-index: 200; pointer-events: none; height: 0px; 
display: flex; justify-content: flex-end;"[39m
          [36m/>[39m
          [36m<article[39m
            [33mclass[39m=[32m"notePaper max-w-none"[39m
            [33mstyle[39m=[32m"background-color: rgb(247, 233, 176); white-space: pre-wrap; cursor: text; user-select: n
one; padding: 0px; font-size: 16px; font-family: \"BIZ UDPGothic\", \"Meiryo\", \"Yu Gothic UI\", sans-serif; line-height: 
1.4; letter-spacing: 0.01em;"[39m
          [36m>[39m
            [36m<div[39m
              [33mstyle[39m=[32m"white-space: pre-wrap;"[39m
            [36m>[39m
              [36m<div[39m
                [33mdata-line-index[39m=[32m"0"[39m
                [33mstyle[39m=[32m"margin: 0px; padding: 0px; line-height: 1.4; min-height: 1.4em; display: flex; align-
items: flex-start;"[39m
              [36m>[39m
                [36m<span[39m
                  [33mdata-src-start[39m=[32m"0"[39m
                [36m>[39m
                  [36m<span[39m
                    [33mdata-src-start[39m=[32m"0"[39m
                  [36m>[39m
                    [0mTest Content[0m
                  [36m</span>[39m
                [36m</span>[39m
              [36m</div>[39m
            [36m</div>[39m
          [36m</article>[39m
          [36m<div[39m
            [33mclass[39m=[32m"note-footer"[39m
            [33mstyle[39m=[32m"flex-grow: 1; min-height: 100px; cursor: grab; user-select: none;"[39m
            [33mtitle[39m=[32m"繝峨Λ繝・げ縺ｧ遘ｻ蜍・/ 繧ｯ繝ｪ繝・け縺ｧ菫晏ｭ・[39m
          [36m/>[39m
        [36m</main>[39m
      [36m</div>[39m
    [36m</div>[39m
    [36m<div>[39m
      [36m<div[39m
        [33mclass[39m=[32m"noteShell h-screen overflow-hidden flex flex-col"[39m
        [33mstyle[39m=[32m"background-color: rgb(247, 233, 176); cursor: default;"[39m
      [36m>[39m
        [36m<header[39m
          [33mstyle[39m=[32m"padding: 8px 18px 4px; display: flex; flex-direction: row; justify-content: flex-end; align
-items: center; flex-shrink: 0; z-index: 100; cursor: move; min-height: 32px; user-select: none;"[39m
        [36m>[39m
          [36m<div[39m
            [33mstyle[39m=[32m"display: flex; gap: 4px; overflow: hidden; white-space: nowrap; pointer-events: auto; jus
tify-content: flex-end;"[39m
          [36m/>[39m
        [36m</header>[39m
        [36m<main[39m
          [33mclass[39m=[32m"flex-1 overflow-y-auto w-full notePaper noteMain pb-10"[39m
          [33mstyle[39m=[32m"background-color: rgb(247, 233, 176); display: flex; flex-direction: column; padding: 0px 1
8px 12px; box-sizing: border-box; position: relative; user-select: none;"[39m
        [36m>[39m

[2m Test Files [22m [1m[31m1 failed[39m[22m[90m (1)[39m
[2m      Tests [22m [1m[31m1 failed[39m[22m[2m | [22m[1m[32m4 passed[39m[22m[90m (5)[39m
[2m   Start at [22m 19:21:03
[2m   Duration [22m 4.91s[2m (transform 383ms, setup 0ms, import 922ms, tests 1.46s, environment 2.16s)[22m

          [36m<div[39m
            [33mstyle[39m=[32m"position: sticky; top: 0px; right: 0px; z-index: 200; pointer-events: none; height: 0px; 
display: flex; justify-content: flex-end;"[39m
          [36m/>[39m
          [36m<article[39m
            [33mclass[39m=[32m"notePaper max-w-none"[39m
            [33mstyle[39m=[32m"background-color: rgb(247, 233, 176); white-space: pre-wrap; cursor: text; user-select: n
one; padding: 0px; font-size: 16px; font-family: \"BIZ UDPGothic\", \"Meiryo\", \"Yu Gothic UI\", sans-serif; line-height: 
1.4; letter-spacing: 0.01em;"[39m
          [36m>[39m
            [36m<div[39m
              [33mstyle[39m=[32m"white-space: pre-wrap;"[39m
            [36m>[39m
              [36m<div[39m
                [33mdata-line-index[39m=[32m"0"[39m
                [33mstyle[39m=[32m"margin: 0px; padding: 0px; line-height: 1.4; min-height: 1.4em; display: flex; align-
items: flex-start;"[39m
              [36m>[39m
                [36m<span[39m
                  [33mdata-src-start[39m=[32m"0"[39m
                [36m>[39m
                  [36m<span[39m
                    [33mdata-src-start[39m=[32m"0"[39m
                  [36m>[39m
                    [0mTest Content[0m
                  [36m</span>[39m
                [36m</span>[39m
              [36m</div>[39m
            [36m</div>[39m
          [36m</article>[39m
          [36m<div[39m
            [33mclass[39m=[32m"note-footer"[39m
            [33mstyle[39m=[32m"flex-grow: 1; min-height: 100px; cursor: grab; user-select: none;"[39m
            [33mtitle[39m=[32m"繝峨Λ繝・げ縺ｧ遘ｻ蜍・/ 繧ｯ繝ｪ繝・け縺ｧ菫晏ｭ・[39m
          [36m/>[39m
        [36m</main>[39m
      [36m</div>[39m
    [36m</div>[39m
    [36m<div>[39m
      [36m<div[39m
        [33mclass[39m=[32m"noteShell h-screen overflow-hidden flex flex-col"[39m
        [33mstyle[39m=[32m"background-color: rgb(247, 233, 176); cursor: default;"[39m
      [36m>[39m
        [36m<header[39m
          [33mstyle[39m=[32m"padding: 8px 18px 4px; display: flex; flex-direction: row; justify-content: flex-end; align
-items: center; flex-shrink: 0; z-index: 100; cursor: move; min-height: 32px; user-select: none;"[39m
        [36m>[39m
          [36m<div[39m
            [33mstyle[39m=[32m"display: flex; gap: 4px; overflow: hidden; white-space: nowrap; pointer-events: auto; jus
tify-content: flex-end;"[39m
          [36m/>[39m
        [36m</header>[39m
        [36m<main[39m
          [33mclass[39m=[32m"flex-1 overflow-y-auto w-full notePaper noteMain pb-10"[39m
          [33mstyle[39m=[32m"background-color: rgb(247, 233, 176); display: flex; flex-direction: column; padding: 0px 1
8px 12px; box-sizing: border-box; position: relative; user-select: none;"[39m
        [36m>[39m
          [36m<div[39m
            [33mstyle[39m=[32m"position: sticky; top: 0px; right: 0px; z-index: 200; pointer-events: none; height: 0px; 
display: flex; justify-content: flex-end;"[...
[90m [2m笶ｯ[22m Proxy.waitForWrapper node_modules/@testing-library/dom/dist/wait-for.js:[2m163:27[22m[39m
[36m [2m笶ｯ[22m app/components/StickyNote.test.tsx:[2m220:15[22m[39m
    [90m218| [39m        [90m// Tag4 -> +1 (Total 4, Max 3)[39m
    [90m219| [39m
    [90m220| [39m        [35mawait[39m [34mwaitFor[39m(() [33m=>[39m {
    [90m   | [39m              [31m^[39m
    [90m221| [39m            [34mexpect[39m(screen[33m.[39m[34mgetByText[39m([32m'Tag1'[39m))[33m.[39m[34mtoBe
Truthy[39m()[33m;[39m
    [90m222| [39m            expect(screen.getByText('Long窶ｦ')).toBeTruthy(); // Truncat窶ｦ

[31m[2m竡ｯ竡ｯ竡ｯ竡ｯ竡ｯ竡ｯ竡ｯ竡ｯ竡ｯ竡ｯ竡ｯ竡ｯ竡ｯ竡ｯ竡ｯ竡ｯ竡ｯ竡ｯ竡ｯ竡ｯ竡ｯ竡ｯ竡ｯ竡ｯ[1/1]竡ｯ[22m[39m

